#-----------------------------------------------------------
# Webtalk v2017.4 (64-bit)
# SW Build 2086221 on Fri Dec 15 20:55:39 MST 2017
# IP Build 2085800 on Fri Dec 15 22:25:07 MST 2017
# Start of session at: Fri Apr 20 04:21:10 2018
# Process ID: 20468
# Current directory: C:/Users/huang/Documents/School/CMPE140/SingleCycleMIPS/SingleCycleMIPS.sim/sim_1/behav/xsim
# Command line: wbtcv.exe -mode batch -source C:/Users/huang/Documents/School/CMPE140/SingleCycleMIPS/SingleCycleMIPS.sim/sim_1/behav/xsim/xsim.dir/tb_MIPS_behav/webtalk/xsim_webtalk.tcl -notrace
# Log file: C:/Users/huang/Documents/School/CMPE140/SingleCycleMIPS/SingleCycleMIPS.sim/sim_1/behav/xsim/webtalk.log
# Journal file: C:/Users/huang/Documents/School/CMPE140/SingleCycleMIPS/SingleCycleMIPS.sim/sim_1/behav/xsim\webtalk.jou
#-----------------------------------------------------------
source C:/Users/huang/Documents/School/CMPE140/SingleCycleMIPS/SingleCycleMIPS.sim/sim_1/behav/xsim/xsim.dir/tb_MIPS_behav/webtalk/xsim_webtalk.tcl -notrace
