#-----------------------------------------------------------
# Webtalk v2017.4 (64-bit)
# SW Build 2086221 on Fri Dec 15 20:55:39 MST 2017
# IP Build 2085800 on Fri Dec 15 22:25:07 MST 2017
# Start of session at: Tue May  1 20:32:36 2018
# Process ID: 23112
# Current directory: C:/Users/huang/Documents/School/CMPE140/PipelinedMIPS/PipelinedMIPS.sim/sim_1/impl/func/xsim
# Command line: wbtcv.exe -mode batch -source C:/Users/huang/Documents/School/CMPE140/PipelinedMIPS/PipelinedMIPS.sim/sim_1/impl/func/xsim/xsim.dir/tb_SoC_func_impl/webtalk/xsim_webtalk.tcl -notrace
# Log file: C:/Users/huang/Documents/School/CMPE140/PipelinedMIPS/PipelinedMIPS.sim/sim_1/impl/func/xsim/webtalk.log
# Journal file: C:/Users/huang/Documents/School/CMPE140/PipelinedMIPS/PipelinedMIPS.sim/sim_1/impl/func/xsim\webtalk.jou
#-----------------------------------------------------------
source C:/Users/huang/Documents/School/CMPE140/PipelinedMIPS/PipelinedMIPS.sim/sim_1/impl/func/xsim/xsim.dir/tb_SoC_func_impl/webtalk/xsim_webtalk.tcl -notrace
